// Jest Snapshot v1, https://jestjs.io/docs/snapshot-testing

exports[`DepthScaleComponent should match the saved DOM snapshot 1`] = `
<div>
  <svg
    aria-label="Depth scale"
    class="depth-scale-svg"
    height="100%"
    preserveAspectRatio="none"
    role="img"
    viewBox="0 0 90 840"
    width="100%"
  >
    <g
      transform="translate(0,55)"
    >
      <text
        class="axis-title"
        text-anchor="middle"
        x="60"
        y="-32"
      >
        <tspan
          dy="0"
          x="60"
        >
          Depth
        </tspan>
        <tspan
          dy="12"
          x="60"
        >
          (ft bgl)
        </tspan>
      </text>
      <line
        class="axis-line"
        stroke-dasharray="740"
        stroke-dashoffset="740"
        x1="60"
        x2="60"
        y1="0"
        y2="740"
      />
      <g
        class="tick"
        style="opacity: 0;"
        transform="translate(0,0)"
      >
        <line
          class="tick-line"
          x1="54"
          x2="60"
        />
        <text
          class="tick-label"
          dy="0.32em"
          x="51"
        >
          0
        </text>
        <line
          class="tick-grid"
          x1="60"
          x2="68"
        />
      </g>
      <g
        class="tick"
        style="opacity: 0;"
        transform="translate(0,370)"
      >
        <line
          class="tick-line"
          x1="54"
          x2="60"
        />
        <text
          class="tick-label"
          dy="0.32em"
          x="51"
        >
          500
        </text>
        <line
          class="tick-grid"
          x1="60"
          x2="68"
        />
      </g>
      <g
        class="tick"
        style="opacity: 0;"
        transform="translate(0,740)"
      >
        <line
          class="tick-line"
          x1="54"
          x2="60"
        />
        <text
          class="tick-label"
          dy="0.32em"
          x="51"
        >
          1,000
        </text>
        <line
          class="tick-grid"
          x1="60"
          x2="68"
        />
      </g>
      <text
        class="total-depth-label"
        style="opacity: 0;"
        text-anchor="middle"
        x="60"
        y="766"
      >
        1,000 ft
      </text>
    </g>
  </svg>
</div>
`;
